2025-09-07 16:36:57,661 | [32mINFO[0m | discord_bot | validate:108 | Configuration validated successfully
2025-09-07 16:36:57,663 | [32mINFO[0m | discord_bot | __init__:233 | Bot instance initialized
2025-09-07 16:36:57,664 | [32mINFO[0m | discord_bot | <module>:818 | 🚀 Starting NatsuBot...
2025-09-07 16:36:58,471 | [32mINFO[0m | discord_bot | setup_hook:251 | Setting up bot components...
2025-09-07 16:36:58,473 | [32mINFO[0m | discord_bot | _load_extensions:296 | ✅ Loaded: verification
2025-09-07 16:36:58,842 | [32mINFO[0m | discord_bot | _load_extensions:296 | ✅ Loaded: Detection_Cog
2025-09-07 16:36:58,849 | [32mINFO[0m | discord_bot | _load_extensions:296 | ✅ Loaded: instructor
2025-09-07 16:36:58,856 | [32mINFO[0m | discord_bot | _load_extensions:296 | ✅ Loaded: r34
2025-09-07 16:37:00,896 | [32mINFO[0m | discord_bot | _load_extensions:296 | ✅ Loaded: roleplay_cog_sqlite
2025-09-07 16:37:00,896 | [32mINFO[0m | discord_bot | _load_extensions:303 | Extension loading complete: 5 loaded, 0 failed
2025-09-07 16:37:00,897 | [32mINFO[0m | discord_bot | setup_hook:266 | Bot setup completed
2025-09-07 16:37:00,897 | DEBUG | discord_bot | cleanup_task:540 | Cleanup task executed
2025-09-07 16:37:00,898 | [32mINFO[0m | discord_bot | auto_backup:574 | Database backed up to backups/backup_20250907.json
2025-09-07 16:37:03,820 | [32mINFO[0m | discord_bot | on_ready:317 | ✅ Logged in as natsu#8011 (ID: 1309808442751455243)
2025-09-07 16:37:04,413 | [32mINFO[0m | discord_bot | _sync_commands:358 | ✅ Synced 11 global commands
2025-09-07 16:37:04,413 | DEBUG | discord_bot | _sync_commands:361 | Command sync took 592.40ms
2025-09-07 16:37:04,413 | [32mINFO[0m | discord_bot | on_ready:332 | Connected to 4 guilds:
2025-09-07 16:37:04,414 | [32mINFO[0m | discord_bot | on_ready:337 |   • kirigakure: the hidden mist village (1331194168218751100) - 24 members
2025-09-07 16:37:04,414 | [32mINFO[0m | discord_bot | on_ready:337 |   • ⚛  🎀  𝒮𝐸𝒢𝒢𝒴  🎀  ⚛ (1373276652796121210) - 24 members
2025-09-07 16:37:04,414 | [32mINFO[0m | discord_bot | on_ready:337 |   • Raiduuuuwu (1306841087490392145) - 11 members
2025-09-07 16:37:04,414 | [32mINFO[0m | discord_bot | on_ready:337 |   • gamer 1 (1303326543069708329) - 7 members
2025-09-07 16:42:00,898 | DEBUG | discord_bot | cleanup_task:540 | Cleanup task executed
2025-09-07 16:47:00,899 | DEBUG | discord_bot | cleanup_task:540 | Cleanup task executed
2025-09-07 16:52:00,898 | DEBUG | discord_bot | cleanup_task:540 | Cleanup task executed
2025-09-07 16:57:00,899 | DEBUG | discord_bot | cleanup_task:540 | Cleanup task executed
2025-09-07 17:02:00,899 | DEBUG | discord_bot | cleanup_task:540 | Cleanup task executed
2025-09-07 17:07:00,900 | DEBUG | discord_bot | cleanup_task:540 | Cleanup task executed
2025-09-07 17:12:00,898 | DEBUG | discord_bot | cleanup_task:540 | Cleanup task executed
2025-09-07 17:17:00,899 | DEBUG | discord_bot | cleanup_task:540 | Cleanup task executed
2025-09-07 17:22:00,899 | DEBUG | discord_bot | cleanup_task:540 | Cleanup task executed
2025-09-07 17:27:00,899 | DEBUG | discord_bot | cleanup_task:540 | Cleanup task executed
2025-09-07 17:32:00,900 | DEBUG | discord_bot | cleanup_task:540 | Cleanup task executed
2025-09-07 17:37:00,899 | DEBUG | discord_bot | cleanup_task:540 | Cleanup task executed
2025-09-07 17:42:00,899 | DEBUG | discord_bot | cleanup_task:540 | Cleanup task executed
2025-09-07 17:47:00,899 | DEBUG | discord_bot | cleanup_task:540 | Cleanup task executed
