2025-09-07 15:41:33,120 | [32mINFO[0m | discord_bot | validate:108 | Configuration validated successfully
2025-09-07 15:41:33,122 | [32mINFO[0m | discord_bot | __init__:233 | Bot instance initialized
2025-09-07 15:41:33,123 | [32mINFO[0m | discord_bot | <module>:818 | 🚀 Starting NatsuBot...
2025-09-07 15:41:34,364 | [32mINFO[0m | discord_bot | setup_hook:251 | Setting up bot components...
2025-09-07 15:41:34,366 | [32mINFO[0m | discord_bot | _load_extensions:296 | ✅ Loaded: verification
2025-09-07 15:41:34,368 | [32mINFO[0m | discord_bot | _load_extensions:296 | ✅ Loaded: Detection_Cog
2025-09-07 15:41:34,369 | [32mINFO[0m | discord_bot | _load_extensions:296 | ✅ Loaded: instructor
2025-09-07 15:41:34,372 | [32mINFO[0m | discord_bot | _load_extensions:296 | ✅ Loaded: r34
2025-09-07 15:41:35,899 | [32mINFO[0m | discord_bot | _load_extensions:296 | ✅ Loaded: roleplay_cog_sqlite
2025-09-07 15:41:35,899 | [32mINFO[0m | discord_bot | _load_extensions:303 | Extension loading complete: 5 loaded, 0 failed
2025-09-07 15:41:35,899 | [32mINFO[0m | discord_bot | setup_hook:266 | Bot setup completed
2025-09-07 15:41:35,900 | DEBUG | discord_bot | cleanup_task:540 | Cleanup task executed
2025-09-07 15:41:35,900 | [32mINFO[0m | discord_bot | auto_backup:574 | Database backed up to backups/backup_20250907.json
2025-09-07 15:41:38,850 | [32mINFO[0m | discord_bot | on_ready:317 | ✅ Logged in as natsu#8011 (ID: 1309808442751455243)
2025-09-07 15:41:39,697 | [32mINFO[0m | discord_bot | _sync_commands:358 | ✅ Synced 11 global commands
2025-09-07 15:41:39,698 | DEBUG | discord_bot | _sync_commands:361 | Command sync took 847.79ms
2025-09-07 15:41:39,698 | [32mINFO[0m | discord_bot | on_ready:332 | Connected to 4 guilds:
2025-09-07 15:41:39,699 | [32mINFO[0m | discord_bot | on_ready:337 |   • kirigakure: the hidden mist village (1331194168218751100) - 24 members
2025-09-07 15:41:39,699 | [32mINFO[0m | discord_bot | on_ready:337 |   • ⚛  🎀  𝒮𝐸𝒢𝒢𝒴  🎀  ⚛ (1373276652796121210) - 24 members
2025-09-07 15:41:39,699 | [32mINFO[0m | discord_bot | on_ready:337 |   • Raiduuuuwu (1306841087490392145) - 11 members
2025-09-07 15:41:39,699 | [32mINFO[0m | discord_bot | on_ready:337 |   • gamer 1 (1303326543069708329) - 7 members
