2025-09-06 16:52:46,299 | [32mINFO[0m | discord_bot | validate:101 | Configuration validated successfully
2025-09-06 16:52:46,303 | [32mINFO[0m | discord_bot | __init__:214 | Bot instance initialized
2025-09-06 16:52:46,304 | [32mINFO[0m | discord_bot | <module>:780 | 🚀 Starting NatsuBot...
2025-09-06 16:52:47,180 | [32mINFO[0m | discord_bot | setup_hook:233 | Setting up bot components...
2025-09-06 16:52:47,182 | [32mINFO[0m | discord_bot | _load_extensions:278 | ✅ Loaded: verification
2025-09-06 16:52:47,184 | [32mINFO[0m | discord_bot | _load_extensions:278 | ✅ Loaded: Detection_Cog
2025-09-06 16:52:47,185 | [32mINFO[0m | discord_bot | _load_extensions:278 | ✅ Loaded: instructor
2025-09-06 16:52:47,188 | [32mINFO[0m | discord_bot | _load_extensions:278 | ✅ Loaded: r34
2025-09-06 16:52:47,190 | [32mINFO[0m | discord_bot | _load_extensions:278 | ✅ Loaded: roleplay_cog_sqlite
2025-09-06 16:52:47,190 | [32mINFO[0m | discord_bot | _load_extensions:285 | Extension loading complete: 5 loaded, 0 failed
2025-09-06 16:52:47,191 | [32mINFO[0m | discord_bot | setup_hook:248 | Bot setup completed
2025-09-06 16:52:47,191 | DEBUG | discord_bot | cleanup_task:495 | Cleanup task executed
2025-09-06 16:52:47,192 | [32mINFO[0m | discord_bot | auto_backup:533 | Database backed up to backups/backup_20250906.json
2025-09-06 16:52:49,895 | [32mINFO[0m | discord_bot | on_ready:297 | ✅ Logged in as natsu#8011 (ID: 1309808442751455243)
2025-09-06 16:52:50,419 | [32mINFO[0m | discord_bot | _sync_commands:334 | ✅ Synced 11 global commands
2025-09-06 16:52:50,419 | DEBUG | discord_bot | _sync_commands:337 | Command sync took 524.03ms
2025-09-06 16:52:50,420 | [32mINFO[0m | discord_bot | on_ready:313 | Connected to 4 guilds:
2025-09-06 16:52:50,420 | [32mINFO[0m | discord_bot | on_ready:316 |   • kirigakure: the hidden mist village (1331194168218751100) - 24 members
2025-09-06 16:52:50,420 | [32mINFO[0m | discord_bot | on_ready:316 |   • ⚛  🎀  𝒮𝐸𝒢𝒢𝒴  🎀  ⚛ (1373276652796121210) - 24 members
2025-09-06 16:52:50,420 | [32mINFO[0m | discord_bot | on_ready:316 |   • Raiduuuuwu (1306841087490392145) - 11 members
2025-09-06 16:52:50,420 | [32mINFO[0m | discord_bot | on_ready:316 |   • gamer 1 (1303326543069708329) - 7 members
