2025-09-08 15:46:35,363 | [32mINFO[0m | discord_bot | validate:108 | Configuration validated successfully
2025-09-08 15:46:35,364 | [32mINFO[0m | discord_bot | __init__:233 | Bot instance initialized
2025-09-08 15:46:35,365 | [32mINFO[0m | discord_bot | <module>:818 | 🚀 Starting NatsuBot...
2025-09-08 15:46:36,208 | [32mINFO[0m | discord_bot | setup_hook:251 | Setting up bot components...
2025-09-08 15:46:36,211 | [32mINFO[0m | discord_bot | _load_extensions:296 | ✅ Loaded: verification
2025-09-08 15:46:36,214 | [32mINFO[0m | discord_bot | _load_extensions:296 | ✅ Loaded: Detection_Cog
2025-09-08 15:46:36,222 | [32mINFO[0m | discord_bot | _load_extensions:296 | ✅ Loaded: instructor
2025-09-08 15:46:36,231 | [32mINFO[0m | discord_bot | _load_extensions:296 | ✅ Loaded: r34
2025-09-08 15:46:37,455 | [32mINFO[0m | discord_bot | _load_extensions:296 | ✅ Loaded: roleplay_cog_sqlite
2025-09-08 15:46:37,472 | [31mERROR[0m | discord_bot | _load_extensions:299 | ❌ Failed to load game: Extension 'cogs.game' raised an error: ModuleNotFoundError: No module named 'aiosqlite'
2025-09-08 15:46:37,473 | [32mINFO[0m | discord_bot | _load_extensions:303 | Extension loading complete: 5 loaded, 1 failed
2025-09-08 15:46:37,473 | [33mWARNING[0m | discord_bot | _load_extensions:308 | Failed cogs: game
2025-09-08 15:46:37,473 | [32mINFO[0m | discord_bot | setup_hook:266 | Bot setup completed
2025-09-08 15:46:37,474 | DEBUG | discord_bot | cleanup_task:540 | Cleanup task executed
2025-09-08 15:46:37,474 | [32mINFO[0m | discord_bot | auto_backup:574 | Database backed up to backups/backup_20250908.json
2025-09-08 15:46:40,428 | [32mINFO[0m | discord_bot | on_ready:317 | ✅ Logged in as natsu#8011 (ID: 1309808442751455243)
2025-09-08 15:46:40,914 | [32mINFO[0m | discord_bot | _sync_commands:358 | ✅ Synced 11 global commands
2025-09-08 15:46:40,915 | DEBUG | discord_bot | _sync_commands:361 | Command sync took 486.13ms
2025-09-08 15:46:40,915 | [32mINFO[0m | discord_bot | on_ready:332 | Connected to 4 guilds:
2025-09-08 15:46:40,915 | [32mINFO[0m | discord_bot | on_ready:337 |   • kirigakure: the hidden mist village (1331194168218751100) - 24 members
2025-09-08 15:46:40,916 | [32mINFO[0m | discord_bot | on_ready:337 |   • ⚛  🎀  𝒮𝐸𝒢𝒢𝒴  🎀  ⚛ (1373276652796121210) - 24 members
2025-09-08 15:46:40,916 | [32mINFO[0m | discord_bot | on_ready:337 |   • Raiduuuuwu (1306841087490392145) - 11 members
2025-09-08 15:46:40,916 | [32mINFO[0m | discord_bot | on_ready:337 |   • gamer 1 (1303326543069708329) - 7 members
