2025-09-06 16:40:15,769 | [32mINFO[0m | discord_bot | validate:101 | Configuration validated successfully
2025-09-06 16:40:15,770 | [32mINFO[0m | discord_bot | __init__:214 | Bot instance initialized
2025-09-06 16:40:15,771 | [32mINFO[0m | discord_bot | <module>:780 | 🚀 Starting NatsuBot...
2025-09-06 16:40:15,859 | [32mINFO[0m | discord_bot | validate:101 | Configuration validated successfully
2025-09-06 16:40:15,861 | [32mINFO[0m | discord_bot | __init__:214 | Bot instance initialized
2025-09-06 16:40:15,862 | [32mINFO[0m | discord_bot | <module>:780 | 🚀 Starting NatsuBot...
2025-09-06 16:40:16,787 | [32mINFO[0m | discord_bot | setup_hook:233 | Setting up bot components...
2025-09-06 16:40:16,789 | [32mINFO[0m | discord_bot | _load_extensions:278 | ✅ Loaded: verification
2025-09-06 16:40:16,791 | [32mINFO[0m | discord_bot | _load_extensions:278 | ✅ Loaded: Detection_Cog
2025-09-06 16:40:16,792 | [32mINFO[0m | discord_bot | _load_extensions:278 | ✅ Loaded: instructor
2025-09-06 16:40:16,796 | [32mINFO[0m | discord_bot | _load_extensions:278 | ✅ Loaded: r34
2025-09-06 16:40:16,797 | [32mINFO[0m | discord_bot | setup_hook:233 | Setting up bot components...
2025-09-06 16:40:16,799 | [32mINFO[0m | discord_bot | _load_extensions:278 | ✅ Loaded: verification
2025-09-06 16:40:16,802 | [32mINFO[0m | discord_bot | _load_extensions:278 | ✅ Loaded: roleplay_cog_sqlite
2025-09-06 16:40:16,802 | [32mINFO[0m | discord_bot | _load_extensions:285 | Extension loading complete: 5 loaded, 0 failed
2025-09-06 16:40:16,802 | [32mINFO[0m | discord_bot | setup_hook:248 | Bot setup completed
2025-09-06 16:40:16,803 | DEBUG | discord_bot | cleanup_task:495 | Cleanup task executed
2025-09-06 16:40:16,803 | [32mINFO[0m | discord_bot | _load_extensions:278 | ✅ Loaded: Detection_Cog
2025-09-06 16:40:16,803 | [32mINFO[0m | discord_bot | auto_backup:533 | Database backed up to backups/backup_20250906.json
2025-09-06 16:40:16,805 | [32mINFO[0m | discord_bot | _load_extensions:278 | ✅ Loaded: instructor
2025-09-06 16:40:16,808 | [32mINFO[0m | discord_bot | _load_extensions:278 | ✅ Loaded: r34
2025-09-06 16:40:16,810 | [32mINFO[0m | discord_bot | _load_extensions:278 | ✅ Loaded: roleplay_cog_sqlite
2025-09-06 16:40:16,810 | [32mINFO[0m | discord_bot | _load_extensions:285 | Extension loading complete: 5 loaded, 0 failed
2025-09-06 16:40:16,810 | [32mINFO[0m | discord_bot | setup_hook:248 | Bot setup completed
2025-09-06 16:40:16,811 | DEBUG | discord_bot | cleanup_task:495 | Cleanup task executed
2025-09-06 16:40:16,812 | [32mINFO[0m | discord_bot | auto_backup:533 | Database backed up to backups/backup_20250906.json
2025-09-06 16:40:19,542 | [32mINFO[0m | discord_bot | on_ready:297 | ✅ Logged in as natsu#8011 (ID: 1309808442751455243)
2025-09-06 16:40:19,735 | [32mINFO[0m | discord_bot | on_ready:297 | ✅ Logged in as natsu#8011 (ID: 1309808442751455243)
2025-09-06 16:40:21,482 | [32mINFO[0m | discord_bot | _sync_commands:334 | ✅ Synced 11 global commands
2025-09-06 16:40:21,482 | DEBUG | discord_bot | _sync_commands:337 | Command sync took 1939.97ms
2025-09-06 16:40:21,482 | [32mINFO[0m | discord_bot | on_ready:313 | Connected to 4 guilds:
2025-09-06 16:40:21,482 | [32mINFO[0m | discord_bot | on_ready:316 |   • kirigakure: the hidden mist village (1331194168218751100) - 24 members
2025-09-06 16:40:21,483 | [32mINFO[0m | discord_bot | on_ready:316 |   • ⚛  🎀  𝒮𝐸𝒢𝒢𝒴  🎀  ⚛ (1373276652796121210) - 24 members
2025-09-06 16:40:21,483 | [32mINFO[0m | discord_bot | on_ready:316 |   • Raiduuuuwu (1306841087490392145) - 11 members
2025-09-06 16:40:21,483 | [32mINFO[0m | discord_bot | on_ready:316 |   • gamer 1 (1303326543069708329) - 7 members
2025-09-06 16:41:20,052 | [32mINFO[0m | discord_bot | _sync_commands:334 | ✅ Synced 11 global commands
2025-09-06 16:41:20,052 | DEBUG | discord_bot | _sync_commands:337 | Command sync took 60316.59ms
2025-09-06 16:41:20,053 | [32mINFO[0m | discord_bot | on_ready:313 | Connected to 4 guilds:
2025-09-06 16:41:20,053 | [32mINFO[0m | discord_bot | on_ready:316 |   • kirigakure: the hidden mist village (1331194168218751100) - 24 members
2025-09-06 16:41:20,053 | [32mINFO[0m | discord_bot | on_ready:316 |   • ⚛  🎀  𝒮𝐸𝒢𝒢𝒴  🎀  ⚛ (1373276652796121210) - 24 members
2025-09-06 16:41:20,053 | [32mINFO[0m | discord_bot | on_ready:316 |   • Raiduuuuwu (1306841087490392145) - 11 members
2025-09-06 16:41:20,053 | [32mINFO[0m | discord_bot | on_ready:316 |   • gamer 1 (1303326543069708329) - 7 members
