2025-09-30 07:30:59,457 | [32mINFO[0m | discord_bot | validate:108 | Configuration validated successfully
2025-09-30 07:30:59,459 | [32mINFO[0m | discord_bot | __init__:233 | Bot instance initialized
2025-09-30 07:30:59,460 | [32mINFO[0m | discord_bot | <module>:817 | 🚀 Starting NatsuBot...
2025-09-30 07:31:01,068 | [32mINFO[0m | discord_bot | setup_hook:251 | Setting up bot components...
2025-09-30 07:31:01,072 | [32mINFO[0m | discord_bot | _load_extensions:296 | ✅ Loaded: Detection_Cog
2025-09-30 07:31:32,097 | [32mINFO[0m | discord_bot | _load_extensions:296 | ✅ Loaded: game
2025-09-30 07:31:32,100 | [32mINFO[0m | discord_bot | _load_extensions:296 | ✅ Loaded: instructor
2025-09-30 07:31:32,102 | [32mINFO[0m | discord_bot | _load_extensions:296 | ✅ Loaded: nutaku
2025-09-30 07:31:32,104 | [32mINFO[0m | discord_bot | _load_extensions:296 | ✅ Loaded: r34
2025-09-30 07:31:32,108 | [32mINFO[0m | discord_bot | _load_extensions:296 | ✅ Loaded: roleplay_cog_sqlite
2025-09-30 07:31:32,109 | [32mINFO[0m | discord_bot | _load_extensions:296 | ✅ Loaded: verification
2025-09-30 07:31:32,110 | [32mINFO[0m | discord_bot | _load_extensions:303 | Extension loading complete: 7 loaded, 0 failed
2025-09-30 07:31:32,110 | [32mINFO[0m | discord_bot | setup_hook:266 | Bot setup completed
2025-09-30 07:31:32,111 | DEBUG | discord_bot | cleanup_task:540 | Cleanup task executed
2025-09-30 07:31:32,111 | [32mINFO[0m | discord_bot | auto_backup:574 | Database backed up to backups/backup_20250930.json
2025-09-30 07:31:35,052 | [32mINFO[0m | discord_bot | on_ready:317 | ✅ Logged in as natsu#8011 (ID: 1309808442751455243)
2025-09-30 07:31:35,517 | [32mINFO[0m | discord_bot | _sync_commands:358 | ✅ Synced 13 global commands
2025-09-30 07:31:35,517 | DEBUG | discord_bot | _sync_commands:361 | Command sync took 464.47ms
2025-09-30 07:31:35,519 | [32mINFO[0m | discord_bot | on_ready:332 | Connected to 5 guilds:
2025-09-30 07:31:35,521 | [32mINFO[0m | discord_bot | on_ready:337 |   • kirigakure: the hidden mist village (1331194168218751100) - 24 members
2025-09-30 07:31:35,522 | [32mINFO[0m | discord_bot | on_ready:337 |   • ⚛  🎀  𝒮𝐸𝒢𝒢𝒴  🎀  ⚛ (1373276652796121210) - 24 members
2025-09-30 07:31:35,523 | [32mINFO[0m | discord_bot | on_ready:337 |   • Raiduuuuwu (1306841087490392145) - 11 members
2025-09-30 07:31:35,524 | [32mINFO[0m | discord_bot | on_ready:337 |   • gamer 1 (1303326543069708329) - 7 members
2025-09-30 07:31:35,524 | [32mINFO[0m | discord_bot | on_ready:337 |   • 𝒮𝒾𝓂🏵𝓃's server (1421913573919166527) - 3 members
2025-09-30 07:36:32,115 | DEBUG | discord_bot | cleanup_task:540 | Cleanup task executed
2025-09-30 07:41:32,116 | DEBUG | discord_bot | cleanup_task:540 | Cleanup task executed
2025-09-30 07:46:32,116 | DEBUG | discord_bot | cleanup_task:540 | Cleanup task executed
2025-09-30 07:51:32,114 | DEBUG | discord_bot | cleanup_task:540 | Cleanup task executed
2025-09-30 07:56:32,115 | DEBUG | discord_bot | cleanup_task:540 | Cleanup task executed
2025-09-30 08:01:32,116 | DEBUG | discord_bot | cleanup_task:540 | Cleanup task executed
2025-09-30 08:06:32,117 | DEBUG | discord_bot | cleanup_task:540 | Cleanup task executed
2025-09-30 08:11:32,116 | DEBUG | discord_bot | cleanup_task:540 | Cleanup task executed
2025-09-30 08:16:32,114 | DEBUG | discord_bot | cleanup_task:540 | Cleanup task executed
2025-09-30 08:21:32,116 | DEBUG | discord_bot | cleanup_task:540 | Cleanup task executed
2025-09-30 08:26:32,115 | DEBUG | discord_bot | cleanup_task:540 | Cleanup task executed
2025-09-30 08:31:32,116 | DEBUG | discord_bot | cleanup_task:540 | Cleanup task executed
2025-09-30 08:36:32,116 | DEBUG | discord_bot | cleanup_task:540 | Cleanup task executed
2025-09-30 08:41:32,115 | DEBUG | discord_bot | cleanup_task:540 | Cleanup task executed
2025-09-30 08:46:32,112 | DEBUG | discord_bot | cleanup_task:540 | Cleanup task executed
2025-09-30 08:51:32,114 | DEBUG | discord_bot | cleanup_task:540 | Cleanup task executed
2025-09-30 08:56:32,115 | DEBUG | discord_bot | cleanup_task:540 | Cleanup task executed
2025-09-30 09:01:32,115 | DEBUG | discord_bot | cleanup_task:540 | Cleanup task executed
2025-09-30 09:06:32,112 | DEBUG | discord_bot | cleanup_task:540 | Cleanup task executed
2025-09-30 09:11:32,115 | DEBUG | discord_bot | cleanup_task:540 | Cleanup task executed
2025-09-30 09:16:32,115 | DEBUG | discord_bot | cleanup_task:540 | Cleanup task executed
2025-09-30 09:21:32,115 | DEBUG | discord_bot | cleanup_task:540 | Cleanup task executed
2025-09-30 09:26:32,116 | DEBUG | discord_bot | cleanup_task:540 | Cleanup task executed
2025-09-30 09:31:32,115 | DEBUG | discord_bot | cleanup_task:540 | Cleanup task executed
2025-09-30 09:36:32,116 | DEBUG | discord_bot | cleanup_task:540 | Cleanup task executed
2025-09-30 09:41:32,115 | DEBUG | discord_bot | cleanup_task:540 | Cleanup task executed
2025-09-30 09:46:32,115 | DEBUG | discord_bot | cleanup_task:540 | Cleanup task executed
2025-09-30 09:51:32,116 | DEBUG | discord_bot | cleanup_task:540 | Cleanup task executed
2025-09-30 09:56:32,114 | DEBUG | discord_bot | cleanup_task:540 | Cleanup task executed
2025-09-30 10:01:32,116 | DEBUG | discord_bot | cleanup_task:540 | Cleanup task executed
2025-09-30 10:06:32,115 | DEBUG | discord_bot | cleanup_task:540 | Cleanup task executed
2025-09-30 10:11:32,114 | DEBUG | discord_bot | cleanup_task:540 | Cleanup task executed
2025-09-30 10:16:32,114 | DEBUG | discord_bot | cleanup_task:540 | Cleanup task executed
2025-09-30 10:21:32,114 | DEBUG | discord_bot | cleanup_task:540 | Cleanup task executed
2025-09-30 10:26:32,113 | DEBUG | discord_bot | cleanup_task:540 | Cleanup task executed
2025-09-30 10:31:32,120 | DEBUG | discord_bot | cleanup_task:540 | Cleanup task executed
2025-09-30 10:36:32,113 | DEBUG | discord_bot | cleanup_task:540 | Cleanup task executed
2025-09-30 10:41:32,114 | DEBUG | discord_bot | cleanup_task:540 | Cleanup task executed
2025-09-30 10:46:32,115 | DEBUG | discord_bot | cleanup_task:540 | Cleanup task executed
2025-09-30 10:51:32,113 | DEBUG | discord_bot | cleanup_task:540 | Cleanup task executed
2025-09-30 10:56:32,113 | DEBUG | discord_bot | cleanup_task:540 | Cleanup task executed
2025-09-30 11:01:32,113 | DEBUG | discord_bot | cleanup_task:540 | Cleanup task executed
2025-09-30 11:06:32,113 | DEBUG | discord_bot | cleanup_task:540 | Cleanup task executed
2025-09-30 11:11:32,114 | DEBUG | discord_bot | cleanup_task:540 | Cleanup task executed
2025-09-30 11:16:32,113 | DEBUG | discord_bot | cleanup_task:540 | Cleanup task executed
2025-09-30 11:21:32,113 | DEBUG | discord_bot | cleanup_task:540 | Cleanup task executed
2025-09-30 11:26:32,113 | DEBUG | discord_bot | cleanup_task:540 | Cleanup task executed
2025-09-30 11:31:32,113 | DEBUG | discord_bot | cleanup_task:540 | Cleanup task executed
2025-09-30 11:36:32,120 | DEBUG | discord_bot | cleanup_task:540 | Cleanup task executed
2025-09-30 11:41:32,113 | DEBUG | discord_bot | cleanup_task:540 | Cleanup task executed
2025-09-30 11:46:32,113 | DEBUG | discord_bot | cleanup_task:540 | Cleanup task executed
2025-09-30 11:51:32,112 | DEBUG | discord_bot | cleanup_task:540 | Cleanup task executed
2025-09-30 11:56:32,112 | DEBUG | discord_bot | cleanup_task:540 | Cleanup task executed
2025-09-30 12:01:32,113 | DEBUG | discord_bot | cleanup_task:540 | Cleanup task executed
2025-09-30 12:06:32,113 | DEBUG | discord_bot | cleanup_task:540 | Cleanup task executed
2025-09-30 12:11:32,113 | DEBUG | discord_bot | cleanup_task:540 | Cleanup task executed
2025-09-30 12:16:32,113 | DEBUG | discord_bot | cleanup_task:540 | Cleanup task executed
2025-09-30 12:21:32,113 | DEBUG | discord_bot | cleanup_task:540 | Cleanup task executed
2025-09-30 12:26:32,112 | DEBUG | discord_bot | cleanup_task:540 | Cleanup task executed
2025-09-30 12:31:32,113 | DEBUG | discord_bot | cleanup_task:540 | Cleanup task executed
2025-09-30 12:36:32,113 | DEBUG | discord_bot | cleanup_task:540 | Cleanup task executed
2025-09-30 12:41:32,112 | DEBUG | discord_bot | cleanup_task:540 | Cleanup task executed
2025-09-30 12:46:32,113 | DEBUG | discord_bot | cleanup_task:540 | Cleanup task executed
2025-09-30 12:51:32,113 | DEBUG | discord_bot | cleanup_task:540 | Cleanup task executed
2025-09-30 12:56:32,112 | DEBUG | discord_bot | cleanup_task:540 | Cleanup task executed
2025-09-30 13:01:32,113 | DEBUG | discord_bot | cleanup_task:540 | Cleanup task executed
2025-09-30 13:06:32,113 | DEBUG | discord_bot | cleanup_task:540 | Cleanup task executed
2025-09-30 13:11:32,113 | DEBUG | discord_bot | cleanup_task:540 | Cleanup task executed
2025-09-30 13:16:32,114 | DEBUG | discord_bot | cleanup_task:540 | Cleanup task executed
2025-09-30 13:21:32,113 | DEBUG | discord_bot | cleanup_task:540 | Cleanup task executed
2025-09-30 13:26:32,112 | DEBUG | discord_bot | cleanup_task:540 | Cleanup task executed
2025-09-30 13:31:32,113 | DEBUG | discord_bot | cleanup_task:540 | Cleanup task executed
2025-09-30 13:36:32,112 | DEBUG | discord_bot | cleanup_task:540 | Cleanup task executed
2025-09-30 13:41:32,112 | DEBUG | discord_bot | cleanup_task:540 | Cleanup task executed
2025-09-30 13:46:32,112 | DEBUG | discord_bot | cleanup_task:540 | Cleanup task executed
2025-09-30 13:51:32,112 | DEBUG | discord_bot | cleanup_task:540 | Cleanup task executed
2025-09-30 13:56:32,112 | DEBUG | discord_bot | cleanup_task:540 | Cleanup task executed
2025-09-30 14:01:32,113 | DEBUG | discord_bot | cleanup_task:540 | Cleanup task executed
2025-09-30 14:06:32,113 | DEBUG | discord_bot | cleanup_task:540 | Cleanup task executed
2025-09-30 14:11:32,113 | DEBUG | discord_bot | cleanup_task:540 | Cleanup task executed
2025-09-30 14:16:32,112 | DEBUG | discord_bot | cleanup_task:540 | Cleanup task executed
2025-09-30 14:21:32,113 | DEBUG | discord_bot | cleanup_task:540 | Cleanup task executed
2025-09-30 14:26:32,112 | DEBUG | discord_bot | cleanup_task:540 | Cleanup task executed
2025-09-30 14:31:32,112 | DEBUG | discord_bot | cleanup_task:540 | Cleanup task executed
2025-09-30 14:36:32,112 | DEBUG | discord_bot | cleanup_task:540 | Cleanup task executed
2025-09-30 14:41:32,113 | DEBUG | discord_bot | cleanup_task:540 | Cleanup task executed
2025-09-30 14:46:32,112 | DEBUG | discord_bot | cleanup_task:540 | Cleanup task executed
2025-09-30 14:51:32,112 | DEBUG | discord_bot | cleanup_task:540 | Cleanup task executed
2025-09-30 14:56:32,112 | DEBUG | discord_bot | cleanup_task:540 | Cleanup task executed
2025-09-30 15:01:32,112 | DEBUG | discord_bot | cleanup_task:540 | Cleanup task executed
2025-09-30 15:06:32,112 | DEBUG | discord_bot | cleanup_task:540 | Cleanup task executed
2025-09-30 15:11:32,113 | DEBUG | discord_bot | cleanup_task:540 | Cleanup task executed
2025-09-30 15:16:32,111 | DEBUG | discord_bot | cleanup_task:540 | Cleanup task executed
2025-09-30 15:21:32,112 | DEBUG | discord_bot | cleanup_task:540 | Cleanup task executed
2025-09-30 15:26:32,112 | DEBUG | discord_bot | cleanup_task:540 | Cleanup task executed
2025-09-30 15:31:32,112 | DEBUG | discord_bot | cleanup_task:540 | Cleanup task executed
2025-09-30 15:36:32,112 | DEBUG | discord_bot | cleanup_task:540 | Cleanup task executed
2025-09-30 15:41:32,115 | DEBUG | discord_bot | cleanup_task:540 | Cleanup task executed
2025-09-30 15:46:32,117 | DEBUG | discord_bot | cleanup_task:540 | Cleanup task executed
2025-09-30 15:51:32,115 | DEBUG | discord_bot | cleanup_task:540 | Cleanup task executed
2025-09-30 15:56:32,116 | DEBUG | discord_bot | cleanup_task:540 | Cleanup task executed
2025-09-30 16:01:32,116 | DEBUG | discord_bot | cleanup_task:540 | Cleanup task executed
2025-09-30 16:06:32,116 | DEBUG | discord_bot | cleanup_task:540 | Cleanup task executed
2025-09-30 16:11:32,111 | DEBUG | discord_bot | cleanup_task:540 | Cleanup task executed
2025-09-30 16:16:32,116 | DEBUG | discord_bot | cleanup_task:540 | Cleanup task executed
2025-09-30 16:21:32,112 | DEBUG | discord_bot | cleanup_task:540 | Cleanup task executed
2025-09-30 16:26:32,116 | DEBUG | discord_bot | cleanup_task:540 | Cleanup task executed
2025-09-30 16:31:32,115 | DEBUG | discord_bot | cleanup_task:540 | Cleanup task executed
2025-09-30 16:36:32,116 | DEBUG | discord_bot | cleanup_task:540 | Cleanup task executed
2025-09-30 16:41:32,116 | DEBUG | discord_bot | cleanup_task:540 | Cleanup task executed
2025-09-30 16:46:32,117 | DEBUG | discord_bot | cleanup_task:540 | Cleanup task executed
2025-09-30 16:51:32,115 | DEBUG | discord_bot | cleanup_task:540 | Cleanup task executed
