2025-09-04 12:07:23,380 | [32mINFO[0m | discord_bot | validate:97 | Configuration validated successfully
2025-09-04 12:07:23,381 | [32mINFO[0m | discord_bot | __init__:210 | Bot instance initialized
2025-09-04 12:07:23,382 | [32mINFO[0m | discord_bot | <module>:771 | 🚀 Starting NatsuBot...
2025-09-04 12:07:24,275 | [32mINFO[0m | discord_bot | setup_hook:229 | Setting up bot components...
2025-09-04 12:07:24,278 | [32mINFO[0m | discord_bot | _load_extensions:274 | ✅ Loaded: rule34commands
2025-09-04 12:07:24,280 | [32mINFO[0m | discord_bot | _load_extensions:274 | ✅ Loaded: verification
2025-09-04 12:07:24,403 | [31mERROR[0m | discord_bot | _load_extensions:277 | ❌ Failed to load game: Extension 'cogs.game' raised an error: TypeError: duplicate base class TimeoutError
2025-09-04 12:07:24,405 | [32mINFO[0m | discord_bot | _load_extensions:274 | ✅ Loaded: nsfwinder
2025-09-04 12:07:24,408 | [31mERROR[0m | discord_bot | _load_extensions:277 | ❌ Failed to load database: Extension 'cogs.database' has no 'setup' function.
2025-09-04 12:07:24,408 | [32mINFO[0m | discord_bot | _load_extensions:281 | Extension loading complete: 3 loaded, 2 failed
2025-09-04 12:07:24,408 | [33mWARNING[0m | discord_bot | _load_extensions:284 | Failed cogs: game, database
2025-09-04 12:07:24,408 | [32mINFO[0m | discord_bot | setup_hook:244 | Bot setup completed
2025-09-04 12:07:24,409 | DEBUG | discord_bot | cleanup_task:491 | Cleanup task executed
2025-09-04 12:07:24,442 | [32mINFO[0m | discord_bot | auto_backup:524 | Database backed up to backups/backup_20250904.json
2025-09-04 12:07:27,440 | [32mINFO[0m | discord_bot | on_ready:293 | ✅ Logged in as natsu#8011 (ID: 1309808442751455243)
2025-09-04 12:07:28,445 | [32mINFO[0m | discord_bot | _sync_commands:330 | ✅ Synced 5 global commands
2025-09-04 12:07:28,445 | DEBUG | discord_bot | _sync_commands:333 | Command sync took 1004.93ms
2025-09-04 12:07:28,446 | [32mINFO[0m | discord_bot | on_ready:309 | Connected to 4 guilds:
2025-09-04 12:07:28,446 | [32mINFO[0m | discord_bot | on_ready:312 |   • kirigakure: the hidden mist village (1331194168218751100) - 24 members
2025-09-04 12:07:28,446 | [32mINFO[0m | discord_bot | on_ready:312 |   • ⚛  🎀  𝒮𝐸𝒢𝒢𝒴  🎀  ⚛ (1373276652796121210) - 24 members
2025-09-04 12:07:28,446 | [32mINFO[0m | discord_bot | on_ready:312 |   • Raiduuuuwu (1306841087490392145) - 11 members
2025-09-04 12:07:28,447 | [32mINFO[0m | discord_bot | on_ready:312 |   • gamer 1 (1303326543069708329) - 7 members
