2025-09-30 07:21:08,312 | [32mINFO[0m | discord_bot | validate:108 | Configuration validated successfully
2025-09-30 07:21:08,314 | [32mINFO[0m | discord_bot | __init__:233 | Bot instance initialized
2025-09-30 07:21:08,315 | [32mINFO[0m | discord_bot | <module>:817 | 🚀 Starting NatsuBot...
2025-09-30 07:21:09,291 | [32mINFO[0m | discord_bot | setup_hook:251 | Setting up bot components...
2025-09-30 07:21:09,304 | [32mINFO[0m | discord_bot | _load_extensions:296 | ✅ Loaded: Detection_Cog
2025-09-30 07:21:41,663 | [32mINFO[0m | discord_bot | _load_extensions:296 | ✅ Loaded: game
2025-09-30 07:21:41,666 | [32mINFO[0m | discord_bot | _load_extensions:296 | ✅ Loaded: instructor
2025-09-30 07:21:41,671 | [32mINFO[0m | discord_bot | _load_extensions:296 | ✅ Loaded: nutaku
2025-09-30 07:21:41,675 | [32mINFO[0m | discord_bot | _load_extensions:296 | ✅ Loaded: r34
2025-09-30 07:21:41,683 | [32mINFO[0m | discord_bot | _load_extensions:296 | ✅ Loaded: roleplay_cog_sqlite
2025-09-30 07:21:41,685 | [32mINFO[0m | discord_bot | _load_extensions:296 | ✅ Loaded: verification
2025-09-30 07:21:41,685 | [32mINFO[0m | discord_bot | _load_extensions:303 | Extension loading complete: 7 loaded, 0 failed
2025-09-30 07:21:41,686 | [32mINFO[0m | discord_bot | setup_hook:266 | Bot setup completed
2025-09-30 07:21:41,687 | DEBUG | discord_bot | cleanup_task:540 | Cleanup task executed
2025-09-30 07:21:41,688 | [32mINFO[0m | discord_bot | auto_backup:574 | Database backed up to backups/backup_20250930.json
2025-09-30 07:21:44,632 | [32mINFO[0m | discord_bot | on_ready:317 | ✅ Logged in as natsu#8011 (ID: 1309808442751455243)
2025-09-30 07:21:45,149 | [32mINFO[0m | discord_bot | _sync_commands:358 | ✅ Synced 13 global commands
2025-09-30 07:21:45,150 | DEBUG | discord_bot | _sync_commands:361 | Command sync took 513.92ms
2025-09-30 07:21:45,151 | [32mINFO[0m | discord_bot | on_ready:332 | Connected to 5 guilds:
2025-09-30 07:21:45,151 | [32mINFO[0m | discord_bot | on_ready:337 |   • kirigakure: the hidden mist village (1331194168218751100) - 24 members
2025-09-30 07:21:45,152 | [32mINFO[0m | discord_bot | on_ready:337 |   • ⚛  🎀  𝒮𝐸𝒢𝒢𝒴  🎀  ⚛ (1373276652796121210) - 24 members
2025-09-30 07:21:45,152 | [32mINFO[0m | discord_bot | on_ready:337 |   • Raiduuuuwu (1306841087490392145) - 11 members
2025-09-30 07:21:45,153 | [32mINFO[0m | discord_bot | on_ready:337 |   • gamer 1 (1303326543069708329) - 7 members
2025-09-30 07:21:45,153 | [32mINFO[0m | discord_bot | on_ready:337 |   • 𝒮𝒾𝓂🏵𝓃's server (1421913573919166527) - 3 members
