2025-09-08 15:47:54,621 | [32mINFO[0m | discord_bot | validate:108 | Configuration validated successfully
2025-09-08 15:47:54,622 | [32mINFO[0m | discord_bot | __init__:233 | Bot instance initialized
2025-09-08 15:47:54,623 | [32mINFO[0m | discord_bot | <module>:818 | 🚀 Starting NatsuBot...
2025-09-08 15:47:55,525 | [32mINFO[0m | discord_bot | setup_hook:251 | Setting up bot components...
2025-09-08 15:47:55,528 | [32mINFO[0m | discord_bot | _load_extensions:296 | ✅ Loaded: verification
2025-09-08 15:47:55,530 | [32mINFO[0m | discord_bot | _load_extensions:296 | ✅ Loaded: Detection_Cog
2025-09-08 15:47:55,531 | [32mINFO[0m | discord_bot | _load_extensions:296 | ✅ Loaded: instructor
2025-09-08 15:47:55,534 | [32mINFO[0m | discord_bot | _load_extensions:296 | ✅ Loaded: r34
2025-09-08 15:47:55,976 | [32mINFO[0m | discord_bot | _load_extensions:296 | ✅ Loaded: roleplay_cog_sqlite
2025-09-08 15:47:56,102 | [32mINFO[0m | discord_bot | _load_extensions:296 | ✅ Loaded: game
2025-09-08 15:47:56,102 | [32mINFO[0m | discord_bot | _load_extensions:303 | Extension loading complete: 6 loaded, 0 failed
2025-09-08 15:47:56,102 | [32mINFO[0m | discord_bot | setup_hook:266 | Bot setup completed
2025-09-08 15:47:56,103 | DEBUG | discord_bot | cleanup_task:540 | Cleanup task executed
2025-09-08 15:47:56,104 | [32mINFO[0m | discord_bot | auto_backup:574 | Database backed up to backups/backup_20250908.json
2025-09-08 15:47:59,054 | [32mINFO[0m | discord_bot | on_ready:317 | ✅ Logged in as natsu#8011 (ID: 1309808442751455243)
2025-09-08 15:47:59,663 | [32mINFO[0m | discord_bot | _sync_commands:358 | ✅ Synced 12 global commands
2025-09-08 15:47:59,663 | DEBUG | discord_bot | _sync_commands:361 | Command sync took 609.43ms
2025-09-08 15:47:59,664 | [32mINFO[0m | discord_bot | on_ready:332 | Connected to 4 guilds:
2025-09-08 15:47:59,664 | [32mINFO[0m | discord_bot | on_ready:337 |   • kirigakure: the hidden mist village (1331194168218751100) - 24 members
2025-09-08 15:47:59,665 | [32mINFO[0m | discord_bot | on_ready:337 |   • ⚛  🎀  𝒮𝐸𝒢𝒢𝒴  🎀  ⚛ (1373276652796121210) - 24 members
2025-09-08 15:47:59,665 | [32mINFO[0m | discord_bot | on_ready:337 |   • Raiduuuuwu (1306841087490392145) - 11 members
2025-09-08 15:47:59,665 | [32mINFO[0m | discord_bot | on_ready:337 |   • gamer 1 (1303326543069708329) - 7 members
2025-09-08 15:52:56,106 | DEBUG | discord_bot | cleanup_task:540 | Cleanup task executed
2025-09-08 15:57:56,106 | DEBUG | discord_bot | cleanup_task:540 | Cleanup task executed
2025-09-08 16:02:56,105 | DEBUG | discord_bot | cleanup_task:540 | Cleanup task executed
2025-09-08 16:07:56,105 | DEBUG | discord_bot | cleanup_task:540 | Cleanup task executed
2025-09-08 16:12:56,105 | DEBUG | discord_bot | cleanup_task:540 | Cleanup task executed
