2025-09-08 16:16:31,842 | [32mINFO[0m | discord_bot | validate:108 | Configuration validated successfully
2025-09-08 16:16:31,843 | [32mINFO[0m | discord_bot | __init__:233 | Bot instance initialized
2025-09-08 16:16:31,844 | [32mINFO[0m | discord_bot | <module>:818 | 🚀 Starting NatsuBot...
2025-09-08 16:16:32,797 | [32mINFO[0m | discord_bot | setup_hook:251 | Setting up bot components...
2025-09-08 16:16:32,798 | [32mINFO[0m | discord_bot | _load_extensions:296 | ✅ Loaded: verification
2025-09-08 16:16:32,800 | [32mINFO[0m | discord_bot | _load_extensions:296 | ✅ Loaded: Detection_Cog
2025-09-08 16:16:32,801 | [32mINFO[0m | discord_bot | _load_extensions:296 | ✅ Loaded: instructor
2025-09-08 16:16:32,804 | [32mINFO[0m | discord_bot | _load_extensions:296 | ✅ Loaded: r34
2025-09-08 16:16:33,122 | [32mINFO[0m | discord_bot | _load_extensions:296 | ✅ Loaded: roleplay_cog_sqlite
2025-09-08 16:16:33,129 | [32mINFO[0m | discord_bot | _load_extensions:296 | ✅ Loaded: game
2025-09-08 16:16:33,135 | [31mERROR[0m | discord_bot | _load_extensions:299 | ❌ Failed to load nutaku: Extension 'cogs.nutaku' raised an error: ModuleNotFoundError: No module named 'cogs.natsu_game_cog'
2025-09-08 16:16:33,135 | [32mINFO[0m | discord_bot | _load_extensions:303 | Extension loading complete: 6 loaded, 1 failed
2025-09-08 16:16:33,135 | [33mWARNING[0m | discord_bot | _load_extensions:308 | Failed cogs: nutaku
2025-09-08 16:16:33,135 | [32mINFO[0m | discord_bot | setup_hook:266 | Bot setup completed
2025-09-08 16:16:33,137 | DEBUG | discord_bot | cleanup_task:540 | Cleanup task executed
2025-09-08 16:16:33,138 | [32mINFO[0m | discord_bot | auto_backup:574 | Database backed up to backups/backup_20250908.json
2025-09-08 16:16:35,998 | [32mINFO[0m | discord_bot | on_ready:317 | ✅ Logged in as natsu#8011 (ID: 1309808442751455243)
2025-09-08 16:16:36,565 | [32mINFO[0m | discord_bot | _sync_commands:358 | ✅ Synced 12 global commands
2025-09-08 16:16:36,565 | DEBUG | discord_bot | _sync_commands:361 | Command sync took 567.18ms
2025-09-08 16:16:36,566 | [32mINFO[0m | discord_bot | on_ready:332 | Connected to 4 guilds:
2025-09-08 16:16:36,566 | [32mINFO[0m | discord_bot | on_ready:337 |   • kirigakure: the hidden mist village (1331194168218751100) - 24 members
2025-09-08 16:16:36,566 | [32mINFO[0m | discord_bot | on_ready:337 |   • ⚛  🎀  𝒮𝐸𝒢𝒢𝒴  🎀  ⚛ (1373276652796121210) - 24 members
2025-09-08 16:16:36,566 | [32mINFO[0m | discord_bot | on_ready:337 |   • Raiduuuuwu (1306841087490392145) - 11 members
2025-09-08 16:16:36,566 | [32mINFO[0m | discord_bot | on_ready:337 |   • gamer 1 (1303326543069708329) - 7 members
