2025-09-30 07:25:34,625 | [32mINFO[0m | discord_bot | validate:108 | Configuration validated successfully
2025-09-30 07:25:34,626 | [32mINFO[0m | discord_bot | __init__:233 | Bot instance initialized
2025-09-30 07:25:34,628 | [32mINFO[0m | discord_bot | <module>:817 | 🚀 Starting NatsuBot...
2025-09-30 07:25:35,572 | [32mINFO[0m | discord_bot | setup_hook:251 | Setting up bot components...
2025-09-30 07:25:35,579 | [32mINFO[0m | discord_bot | _load_extensions:296 | ✅ Loaded: Detection_Cog
2025-09-30 07:26:06,426 | [32mINFO[0m | discord_bot | _load_extensions:296 | ✅ Loaded: game
2025-09-30 07:26:06,428 | [32mINFO[0m | discord_bot | _load_extensions:296 | ✅ Loaded: instructor
2025-09-30 07:26:06,432 | [32mINFO[0m | discord_bot | _load_extensions:296 | ✅ Loaded: nutaku
2025-09-30 07:26:06,435 | [32mINFO[0m | discord_bot | _load_extensions:296 | ✅ Loaded: r34
2025-09-30 07:26:06,446 | [32mINFO[0m | discord_bot | _load_extensions:296 | ✅ Loaded: roleplay_cog_sqlite
2025-09-30 07:26:06,447 | [32mINFO[0m | discord_bot | _load_extensions:296 | ✅ Loaded: verification
2025-09-30 07:26:06,447 | [32mINFO[0m | discord_bot | _load_extensions:303 | Extension loading complete: 7 loaded, 0 failed
2025-09-30 07:26:06,448 | [32mINFO[0m | discord_bot | setup_hook:266 | Bot setup completed
2025-09-30 07:26:06,448 | DEBUG | discord_bot | cleanup_task:540 | Cleanup task executed
2025-09-30 07:26:06,450 | [32mINFO[0m | discord_bot | auto_backup:574 | Database backed up to backups/backup_20250930.json
2025-09-30 07:26:09,429 | [32mINFO[0m | discord_bot | on_ready:317 | ✅ Logged in as natsu#8011 (ID: 1309808442751455243)
2025-09-30 07:26:09,955 | [32mINFO[0m | discord_bot | _sync_commands:358 | ✅ Synced 13 global commands
2025-09-30 07:26:09,960 | DEBUG | discord_bot | _sync_commands:361 | Command sync took 530.28ms
2025-09-30 07:26:09,960 | [32mINFO[0m | discord_bot | on_ready:332 | Connected to 5 guilds:
2025-09-30 07:26:09,960 | [32mINFO[0m | discord_bot | on_ready:337 |   • kirigakure: the hidden mist village (1331194168218751100) - 24 members
2025-09-30 07:26:09,961 | [32mINFO[0m | discord_bot | on_ready:337 |   • ⚛  🎀  𝒮𝐸𝒢𝒢𝒴  🎀  ⚛ (1373276652796121210) - 24 members
2025-09-30 07:26:09,961 | [32mINFO[0m | discord_bot | on_ready:337 |   • Raiduuuuwu (1306841087490392145) - 11 members
2025-09-30 07:26:09,961 | [32mINFO[0m | discord_bot | on_ready:337 |   • gamer 1 (1303326543069708329) - 7 members
2025-09-30 07:26:09,961 | [32mINFO[0m | discord_bot | on_ready:337 |   • 𝒮𝒾𝓂🏵𝓃's server (1421913573919166527) - 3 members
