2025-09-04 12:58:07,839 | [32mINFO[0m | discord_bot | validate:101 | Configuration validated successfully
2025-09-04 12:58:07,840 | [32mINFO[0m | discord_bot | __init__:214 | Bot instance initialized
2025-09-04 12:58:07,841 | [32mINFO[0m | discord_bot | <module>:780 | 🚀 Starting NatsuBot...
2025-09-04 12:58:08,643 | [32mINFO[0m | discord_bot | setup_hook:233 | Setting up bot components...
2025-09-04 12:58:08,645 | [32mINFO[0m | discord_bot | _load_extensions:278 | ✅ Loaded: verification
2025-09-04 12:58:08,647 | [32mINFO[0m | discord_bot | _load_extensions:278 | ✅ Loaded: rule34commands
2025-09-04 12:58:08,653 | [32mINFO[0m | discord_bot | _load_extensions:278 | ✅ Loaded: nsfwinder
2025-09-04 12:58:08,653 | [32mINFO[0m | discord_bot | _load_extensions:285 | Extension loading complete: 3 loaded, 0 failed
2025-09-04 12:58:08,654 | [32mINFO[0m | discord_bot | setup_hook:248 | Bot setup completed
2025-09-04 12:58:08,654 | DEBUG | discord_bot | cleanup_task:495 | Cleanup task executed
2025-09-04 12:58:08,654 | [32mINFO[0m | discord_bot | auto_backup:533 | Database backed up to backups/backup_20250904.json
2025-09-04 12:58:12,632 | [32mINFO[0m | discord_bot | on_ready:297 | ✅ Logged in as natsu#8011 (ID: 1309808442751455243)
2025-09-04 12:58:13,164 | [32mINFO[0m | discord_bot | _sync_commands:334 | ✅ Synced 6 global commands
2025-09-04 12:58:13,164 | DEBUG | discord_bot | _sync_commands:337 | Command sync took 531.84ms
2025-09-04 12:58:13,164 | [32mINFO[0m | discord_bot | on_ready:313 | Connected to 4 guilds:
2025-09-04 12:58:13,165 | [32mINFO[0m | discord_bot | on_ready:316 |   • kirigakure: the hidden mist village (1331194168218751100) - 24 members
2025-09-04 12:58:13,165 | [32mINFO[0m | discord_bot | on_ready:316 |   • ⚛  🎀  𝒮𝐸𝒢𝒢𝒴  🎀  ⚛ (1373276652796121210) - 24 members
2025-09-04 12:58:13,165 | [32mINFO[0m | discord_bot | on_ready:316 |   • Raiduuuuwu (1306841087490392145) - 11 members
2025-09-04 12:58:13,165 | [32mINFO[0m | discord_bot | on_ready:316 |   • gamer 1 (1303326543069708329) - 7 members
2025-09-04 13:03:08,656 | DEBUG | discord_bot | cleanup_task:495 | Cleanup task executed
