2025-09-07 15:40:29,408 | [32mINFO[0m | discord_bot | validate:108 | Configuration validated successfully
2025-09-07 15:40:29,409 | [32mINFO[0m | discord_bot | __init__:233 | Bot instance initialized
2025-09-07 15:40:29,410 | [32mINFO[0m | discord_bot | <module>:818 | 🚀 Starting NatsuBot...
2025-09-07 15:40:30,424 | [32mINFO[0m | discord_bot | setup_hook:251 | Setting up bot components...
2025-09-07 15:40:30,427 | [32mINFO[0m | discord_bot | _load_extensions:296 | ✅ Loaded: verification
2025-09-07 15:40:30,433 | [32mINFO[0m | discord_bot | _load_extensions:296 | ✅ Loaded: Detection_Cog
2025-09-07 15:40:30,435 | [32mINFO[0m | discord_bot | _load_extensions:296 | ✅ Loaded: instructor
2025-09-07 15:40:30,439 | [32mINFO[0m | discord_bot | _load_extensions:296 | ✅ Loaded: r34
2025-09-07 15:40:30,444 | [31mERROR[0m | discord_bot | _load_extensions:299 | ❌ Failed to load roleplay_cog_sqlite: Extension 'cogs.roleplay_cog_sqlite' raised an error: ModuleNotFoundError: No module named 'google.generativeai'
2025-09-07 15:40:30,444 | [32mINFO[0m | discord_bot | _load_extensions:303 | Extension loading complete: 4 loaded, 1 failed
2025-09-07 15:40:30,445 | [33mWARNING[0m | discord_bot | _load_extensions:308 | Failed cogs: roleplay_cog_sqlite
2025-09-07 15:40:30,445 | [32mINFO[0m | discord_bot | setup_hook:266 | Bot setup completed
2025-09-07 15:40:30,446 | DEBUG | discord_bot | cleanup_task:540 | Cleanup task executed
2025-09-07 15:40:30,446 | [32mINFO[0m | discord_bot | auto_backup:574 | Database backed up to backups/backup_20250907.json
2025-09-07 15:40:33,709 | [32mINFO[0m | discord_bot | on_ready:317 | ✅ Logged in as natsu#8011 (ID: 1309808442751455243)
2025-09-07 15:40:34,174 | [32mINFO[0m | discord_bot | _sync_commands:358 | ✅ Synced 5 global commands
2025-09-07 15:40:34,174 | DEBUG | discord_bot | _sync_commands:361 | Command sync took 464.71ms
2025-09-07 15:40:34,175 | [32mINFO[0m | discord_bot | on_ready:332 | Connected to 4 guilds:
2025-09-07 15:40:34,175 | [32mINFO[0m | discord_bot | on_ready:337 |   • kirigakure: the hidden mist village (1331194168218751100) - 24 members
2025-09-07 15:40:34,175 | [32mINFO[0m | discord_bot | on_ready:337 |   • ⚛  🎀  𝒮𝐸𝒢𝒢𝒴  🎀  ⚛ (1373276652796121210) - 24 members
2025-09-07 15:40:34,175 | [32mINFO[0m | discord_bot | on_ready:337 |   • Raiduuuuwu (1306841087490392145) - 11 members
2025-09-07 15:40:34,176 | [32mINFO[0m | discord_bot | on_ready:337 |   • gamer 1 (1303326543069708329) - 7 members
