2025-09-06 15:56:56,238 | [32mINFO[0m | discord_bot | validate:101 | Configuration validated successfully
2025-09-06 15:56:56,240 | [32mINFO[0m | discord_bot | __init__:214 | Bot instance initialized
2025-09-06 15:56:56,241 | [32mINFO[0m | discord_bot | <module>:780 | 🚀 Starting NatsuBot...
2025-09-06 15:56:57,266 | [32mINFO[0m | discord_bot | setup_hook:233 | Setting up bot components...
2025-09-06 15:56:57,269 | [32mINFO[0m | discord_bot | _load_extensions:278 | ✅ Loaded: verification
2025-09-06 15:56:57,270 | [32mINFO[0m | discord_bot | _load_extensions:278 | ✅ Loaded: Detection_Cog
2025-09-06 15:56:57,273 | [32mINFO[0m | discord_bot | _load_extensions:278 | ✅ Loaded: nsfwinder
2025-09-06 15:56:57,274 | [32mINFO[0m | discord_bot | _load_extensions:278 | ✅ Loaded: instructor
2025-09-06 15:56:57,279 | [31mERROR[0m | discord_bot | _load_extensions:281 | ❌ Failed to load rule34commands: Extension 'cogs.rule34commands' raised an error: CommandRegistrationError: The command r34help is already an existing command or alias.
2025-09-06 15:56:57,279 | [32mINFO[0m | discord_bot | _load_extensions:285 | Extension loading complete: 4 loaded, 1 failed
2025-09-06 15:56:57,279 | [33mWARNING[0m | discord_bot | _load_extensions:288 | Failed cogs: rule34commands
2025-09-06 15:56:57,279 | [32mINFO[0m | discord_bot | setup_hook:248 | Bot setup completed
2025-09-06 15:56:57,280 | DEBUG | discord_bot | cleanup_task:495 | Cleanup task executed
2025-09-06 15:56:57,281 | [32mINFO[0m | discord_bot | auto_backup:533 | Database backed up to backups/backup_20250906.json
2025-09-06 15:57:00,301 | [32mINFO[0m | discord_bot | on_ready:297 | ✅ Logged in as natsu#8011 (ID: 1309808442751455243)
2025-09-06 15:57:00,759 | [32mINFO[0m | discord_bot | _sync_commands:334 | ✅ Synced 6 global commands
2025-09-06 15:57:00,759 | DEBUG | discord_bot | _sync_commands:337 | Command sync took 457.75ms
2025-09-06 15:57:00,760 | [32mINFO[0m | discord_bot | on_ready:313 | Connected to 4 guilds:
2025-09-06 15:57:00,760 | [32mINFO[0m | discord_bot | on_ready:316 |   • kirigakure: the hidden mist village (1331194168218751100) - 24 members
2025-09-06 15:57:00,760 | [32mINFO[0m | discord_bot | on_ready:316 |   • ⚛  🎀  𝒮𝐸𝒢𝒢𝒴  🎀  ⚛ (1373276652796121210) - 24 members
2025-09-06 15:57:00,760 | [32mINFO[0m | discord_bot | on_ready:316 |   • Raiduuuuwu (1306841087490392145) - 11 members
2025-09-06 15:57:00,760 | [32mINFO[0m | discord_bot | on_ready:316 |   • gamer 1 (1303326543069708329) - 7 members
