2025-09-04 12:36:37,480 | [32mINFO[0m | discord_bot | validate:97 | Configuration validated successfully
2025-09-04 12:36:37,482 | [32mINFO[0m | discord_bot | __init__:210 | Bot instance initialized
2025-09-04 12:36:37,483 | [32mINFO[0m | discord_bot | <module>:776 | 🚀 Starting NatsuBot...
2025-09-04 12:36:38,391 | [32mINFO[0m | discord_bot | setup_hook:229 | Setting up bot components...
2025-09-04 12:36:38,393 | [32mINFO[0m | discord_bot | _load_extensions:274 | ✅ Loaded: verification
2025-09-04 12:36:38,402 | [32mINFO[0m | discord_bot | _load_extensions:274 | ✅ Loaded: nsfwinder
2025-09-04 12:36:38,408 | [32mINFO[0m | discord_bot | _load_extensions:274 | ✅ Loaded: rule34commands
2025-09-04 12:36:38,410 | [32mINFO[0m | discord_bot | _load_extensions:281 | Extension loading complete: 3 loaded, 0 failed
2025-09-04 12:36:38,411 | [32mINFO[0m | discord_bot | setup_hook:244 | Bot setup completed
2025-09-04 12:36:38,412 | DEBUG | discord_bot | cleanup_task:491 | Cleanup task executed
2025-09-04 12:36:38,413 | [32mINFO[0m | discord_bot | auto_backup:529 | Database backed up to backups/backup_20250904.json
2025-09-04 12:36:41,469 | [32mINFO[0m | discord_bot | on_ready:293 | ✅ Logged in as natsu#8011 (ID: 1309808442751455243)
2025-09-04 12:36:41,958 | [32mINFO[0m | discord_bot | _sync_commands:330 | ✅ Synced 5 global commands
2025-09-04 12:36:41,958 | DEBUG | discord_bot | _sync_commands:333 | Command sync took 489.02ms
2025-09-04 12:36:41,959 | [32mINFO[0m | discord_bot | on_ready:309 | Connected to 4 guilds:
2025-09-04 12:36:41,960 | [32mINFO[0m | discord_bot | on_ready:312 |   • kirigakure: the hidden mist village (1331194168218751100) - 24 members
2025-09-04 12:36:41,960 | [32mINFO[0m | discord_bot | on_ready:312 |   • ⚛  🎀  𝒮𝐸𝒢𝒢𝒴  🎀  ⚛ (1373276652796121210) - 24 members
2025-09-04 12:36:41,960 | [32mINFO[0m | discord_bot | on_ready:312 |   • Raiduuuuwu (1306841087490392145) - 11 members
2025-09-04 12:36:41,960 | [32mINFO[0m | discord_bot | on_ready:312 |   • gamer 1 (1303326543069708329) - 7 members
2025-09-04 12:38:14,327 | [31mERROR[0m | discord_bot | on_command_error:438 | Command error in rule34: Command raised an exception: NameError: name 'R34_USER_ID' is not defined
NoneType: None
