2025-09-08 16:58:54,038 | [32mINFO[0m | discord_bot | validate:108 | Configuration validated successfully
2025-09-08 16:58:54,040 | [32mINFO[0m | discord_bot | __init__:233 | Bot instance initialized
2025-09-08 16:58:54,041 | [32mINFO[0m | discord_bot | <module>:818 | 🚀 Starting NatsuBot...
2025-09-08 16:58:54,936 | [32mINFO[0m | discord_bot | setup_hook:251 | Setting up bot components...
2025-09-08 16:58:54,938 | [32mINFO[0m | discord_bot | _load_extensions:296 | ✅ Loaded: Detection_Cog
2025-09-08 16:59:27,211 | [32mINFO[0m | discord_bot | _load_extensions:296 | ✅ Loaded: game
2025-09-08 16:59:27,216 | [32mINFO[0m | discord_bot | _load_extensions:296 | ✅ Loaded: instructor
2025-09-08 16:59:27,219 | [32mINFO[0m | discord_bot | _load_extensions:296 | ✅ Loaded: nutaku
2025-09-08 16:59:27,222 | [32mINFO[0m | discord_bot | _load_extensions:296 | ✅ Loaded: r34
2025-09-08 16:59:27,224 | [32mINFO[0m | discord_bot | _load_extensions:296 | ✅ Loaded: roleplay_cog_sqlite
2025-09-08 16:59:27,225 | [32mINFO[0m | discord_bot | _load_extensions:296 | ✅ Loaded: verification
2025-09-08 16:59:27,225 | [32mINFO[0m | discord_bot | _load_extensions:303 | Extension loading complete: 7 loaded, 0 failed
2025-09-08 16:59:27,225 | [32mINFO[0m | discord_bot | setup_hook:266 | Bot setup completed
2025-09-08 16:59:27,226 | DEBUG | discord_bot | cleanup_task:540 | Cleanup task executed
2025-09-08 16:59:27,226 | [32mINFO[0m | discord_bot | auto_backup:574 | Database backed up to backups/backup_20250908.json
2025-09-08 16:59:30,149 | [32mINFO[0m | discord_bot | on_ready:317 | ✅ Logged in as natsu#8011 (ID: 1309808442751455243)
2025-09-08 16:59:30,653 | [32mINFO[0m | discord_bot | _sync_commands:358 | ✅ Synced 13 global commands
2025-09-08 16:59:30,653 | DEBUG | discord_bot | _sync_commands:361 | Command sync took 504.53ms
2025-09-08 16:59:30,654 | [32mINFO[0m | discord_bot | on_ready:332 | Connected to 4 guilds:
2025-09-08 16:59:30,654 | [32mINFO[0m | discord_bot | on_ready:337 |   • kirigakure: the hidden mist village (1331194168218751100) - 24 members
2025-09-08 16:59:30,654 | [32mINFO[0m | discord_bot | on_ready:337 |   • ⚛  🎀  𝒮𝐸𝒢𝒢𝒴  🎀  ⚛ (1373276652796121210) - 24 members
2025-09-08 16:59:30,655 | [32mINFO[0m | discord_bot | on_ready:337 |   • Raiduuuuwu (1306841087490392145) - 11 members
2025-09-08 16:59:30,655 | [32mINFO[0m | discord_bot | on_ready:337 |   • gamer 1 (1303326543069708329) - 7 members
2025-09-08 17:04:27,229 | DEBUG | discord_bot | cleanup_task:540 | Cleanup task executed
2025-09-08 17:09:27,229 | DEBUG | discord_bot | cleanup_task:540 | Cleanup task executed
