2026-02-21 21:08:48,824 | [33mWARNING[0m | discord_bot | validate:125 | No OWNER_IDS specified. Owner-only commands will be unavailable.
2026-02-21 21:08:48,824 | [32mINFO[0m | discord_bot | validate:129 | Configuration validated successfully
2026-02-21 21:08:48,839 | [32mINFO[0m | discord_bot | __init__:254 | Bot instance initialized
2026-02-21 21:08:48,841 | [32mINFO[0m | discord_bot | <module>:866 | 🚀 Starting NatsuBot...
2026-02-21 21:08:49,830 | [32mINFO[0m | discord_bot | setup_hook:272 | Setting up bot components...
2026-02-21 21:08:49,946 | [32mINFO[0m | discord_bot | _load_extensions:307 | ✅ Loaded: Detection_Cog
2026-02-21 21:08:52,148 | [32mINFO[0m | discord_bot | _load_extensions:307 | ✅ Loaded: game
2026-02-21 21:08:52,163 | [32mINFO[0m | discord_bot | _load_extensions:307 | ✅ Loaded: instructor
2026-02-21 21:08:52,167 | [32mINFO[0m | discord_bot | _load_extensions:307 | ✅ Loaded: nutaku
2026-02-21 21:08:52,173 | [32mINFO[0m | discord_bot | _load_extensions:307 | ✅ Loaded: r34
2026-02-21 21:08:52,180 | [32mINFO[0m | discord_bot | _load_extensions:307 | ✅ Loaded: roleplay_cog_sqlite
2026-02-21 21:08:52,196 | [32mINFO[0m | discord_bot | _load_extensions:307 | ✅ Loaded: verification
2026-02-21 21:08:52,197 | [32mINFO[0m | discord_bot | _load_extensions:314 | Extension loading complete: 7 loaded, 0 failed
2026-02-21 21:08:52,197 | [32mINFO[0m | discord_bot | setup_hook:287 | Bot setup completed
2026-02-21 21:08:52,198 | DEBUG | discord_bot | cleanup_task:551 | Cleanup task executed
2026-02-21 21:08:52,199 | [32mINFO[0m | discord_bot | auto_backup:585 | Database backed up to backups/backup_20260221.json
2026-02-21 21:08:55,194 | [32mINFO[0m | discord_bot | on_ready:328 | ✅ Logged in as natsu#8011 (ID: 1309808442751455243)
2026-02-21 21:08:55,768 | [32mINFO[0m | discord_bot | _sync_commands:369 | ✅ Synced 23 global commands
2026-02-21 21:08:55,771 | DEBUG | discord_bot | _sync_commands:372 | Command sync took 575.23ms
2026-02-21 21:08:55,773 | [32mINFO[0m | discord_bot | on_ready:343 | Connected to 4 guilds:
2026-02-21 21:08:55,774 | [32mINFO[0m | discord_bot | on_ready:348 |   • ⚛  🎀  𝒮𝐸𝒢𝒢𝒴  🎀  ⚛ (1373276652796121210) - 27 members
2026-02-21 21:08:55,776 | [32mINFO[0m | discord_bot | on_ready:348 |   • kirigakure: the hidden mist village (1331194168218751100) - 25 members
2026-02-21 21:08:55,777 | [32mINFO[0m | discord_bot | on_ready:348 |   • Raiduuuuwu (1306841087490392145) - 11 members
2026-02-21 21:08:55,778 | [32mINFO[0m | discord_bot | on_ready:348 |   • gamer 1 (1303326543069708329) - 8 members
2026-02-21 21:13:52,209 | DEBUG | discord_bot | cleanup_task:551 | Cleanup task executed
2026-02-21 21:18:52,212 | DEBUG | discord_bot | cleanup_task:551 | Cleanup task executed
2026-02-21 21:23:52,203 | DEBUG | discord_bot | cleanup_task:551 | Cleanup task executed
