2025-08-26 17:18:44,639 | [32mINFO[0m | discord_bot | validate:97 | Configuration validated successfully
2025-08-26 17:18:44,640 | [32mINFO[0m | discord_bot | __init__:210 | Bot instance initialized
2025-08-26 17:18:44,641 | [32mINFO[0m | discord_bot | <module>:760 | 🚀 Starting NatsuBot...
2025-08-26 17:18:45,485 | [32mINFO[0m | discord_bot | setup_hook:229 | Setting up bot components...
2025-08-26 17:18:45,489 | [32mINFO[0m | discord_bot | _load_extensions:274 | ✅ Loaded: rule34commands
2025-08-26 17:18:45,495 | [32mINFO[0m | discord_bot | _load_extensions:274 | ✅ Loaded: verification
2025-08-26 17:18:45,496 | [31mERROR[0m | discord_bot | _load_extensions:277 | ❌ Failed to load database: Extension 'cogs.database' raised an error: ModuleNotFoundError: No module named 'verification'
2025-08-26 17:18:45,497 | [31mERROR[0m | discord_bot | _load_extensions:277 | ❌ Failed to load game: Extension 'cogs.game' raised an error: IndentationError: expected an indented block after 'try' statement on line 18 (game.py, line 19)
2025-08-26 17:18:45,497 | [32mINFO[0m | discord_bot | _load_extensions:281 | Extension loading complete: 2 loaded, 2 failed
2025-08-26 17:18:45,497 | [33mWARNING[0m | discord_bot | _load_extensions:284 | Failed cogs: database, game
2025-08-26 17:18:45,498 | [32mINFO[0m | discord_bot | setup_hook:244 | Bot setup completed
2025-08-26 17:18:45,498 | DEBUG | discord_bot | cleanup_task:481 | Cleanup task executed
2025-08-26 17:18:45,499 | [32mINFO[0m | discord_bot | auto_backup:513 | Database backed up to backups/backup_20250826.json
2025-08-26 17:18:48,326 | [32mINFO[0m | discord_bot | on_ready:293 | ✅ Logged in as natsu#8011 (ID: 1309808442751455243)
2025-08-26 17:18:48,757 | [32mINFO[0m | discord_bot | _sync_commands:328 | ✅ Synced 1 global commands
2025-08-26 17:18:48,757 | DEBUG | discord_bot | _sync_commands:331 | Command sync took 430.36ms
2025-08-26 17:18:48,757 | [32mINFO[0m | discord_bot | on_ready:308 | Connected to 4 guilds:
2025-08-26 17:18:48,757 | [32mINFO[0m | discord_bot | on_ready:310 |   • kirigakure: the hidden mist village (1331194168218751100) - 24 members
2025-08-26 17:18:48,757 | [32mINFO[0m | discord_bot | on_ready:310 |   • ⚛  🎀  𝒮𝐸𝒢𝒢𝒴  🎀  ⚛ (1373276652796121210) - 23 members
2025-08-26 17:18:48,757 | [32mINFO[0m | discord_bot | on_ready:310 |   • Raiduuuuwu (1306841087490392145) - 11 members
2025-08-26 17:18:48,758 | [32mINFO[0m | discord_bot | on_ready:310 |   • gamer 1 (1303326543069708329) - 7 members
